
Running 2 tests using 2 workers

[1A[2K[1/2] [chromium] ÔÇ║ tests\smoke.spec.ts:16:9 ÔÇ║ App Finan├ºas - Smoke Test ÔÇ║ p├ígina de login deve ter os campos necess├írios
[1A[2K[2/2] [chromium] ÔÇ║ tests\smoke.spec.ts:4:9 ÔÇ║ App Finan├ºas - Smoke Test ÔÇ║ deve carregar a p├ígina inicial e redirecionar para login se n├úo autenticado
[1A[2K  1) [chromium] ÔÇ║ tests\smoke.spec.ts:4:9 ÔÇ║ App Finan├ºas - Smoke Test ÔÇ║ deve carregar a p├ígina inicial e redirecionar para login se n├úo autenticado 

    Error: [2mexpect([22m[31mlocator[39m[2m).[22mtoBeVisible[2m([22m[2m)[22m failed

    Locator: locator('h1, h2, .text-2xl, .text-3xl').first()
    Expected: visible
    Timeout: 15000ms
    Error: element(s) not found

    Call log:
    [2m  - Expect "toBeVisible" with timeout 15000ms[22m
    [2m  - waiting for locator('h1, h2, .text-2xl, .text-3xl').first()[22m


      11 |
      12 |         // Verifica se o t├¡tulo de login est├í presente (agora mais flex├¡vel)
    > 13 |         await expect(page.locator('h1, h2, .text-2xl, .text-3xl').first()).toBeVisible({ timeout: 15000 });
         |                                                                            ^
      14 |     });
      15 |
      16 |     test('p├ígina de login deve ter os campos necess├írios', async ({ page }) => {
        at C:\Users\diora\OneDrive\Documentos\Projeto-Claude\finanzas-app\tests\smoke.spec.ts:13:76

    attachment #1: video (video/webm) ÔöÇÔöÇÔöÇÔöÇÔöÇÔöÇÔöÇÔöÇÔöÇÔöÇÔöÇÔöÇÔöÇÔöÇÔöÇÔöÇÔöÇÔöÇÔöÇÔöÇÔöÇÔöÇÔöÇÔöÇÔöÇÔöÇÔöÇÔöÇÔöÇÔöÇÔöÇÔöÇÔöÇÔöÇÔöÇÔöÇÔöÇÔöÇÔöÇÔöÇÔöÇÔöÇÔöÇÔöÇÔöÇÔöÇÔöÇÔöÇÔöÇÔöÇÔöÇÔöÇÔöÇÔöÇÔöÇÔöÇÔöÇÔöÇÔöÇÔöÇÔöÇÔöÇ
    test-results\smoke-App-Finan├ºas---Smoke-b7391-ra-login-se-n├úo-autenticado-chromium\video.webm
    ÔöÇÔöÇÔöÇÔöÇÔöÇÔöÇÔöÇÔöÇÔöÇÔöÇÔöÇÔöÇÔöÇÔöÇÔöÇÔöÇÔöÇÔöÇÔöÇÔöÇÔöÇÔöÇÔöÇÔöÇÔöÇÔöÇÔöÇÔöÇÔöÇÔöÇÔöÇÔöÇÔöÇÔöÇÔöÇÔöÇÔöÇÔöÇÔöÇÔöÇÔöÇÔöÇÔöÇÔöÇÔöÇÔöÇÔöÇÔöÇÔöÇÔöÇÔöÇÔöÇÔöÇÔöÇÔöÇÔöÇÔöÇÔöÇÔöÇÔöÇÔöÇÔöÇÔöÇÔöÇÔöÇÔöÇÔöÇÔöÇÔöÇÔöÇÔöÇÔöÇÔöÇÔöÇÔöÇÔöÇÔöÇÔöÇÔöÇÔöÇÔöÇÔöÇÔöÇÔöÇÔöÇÔöÇÔöÇÔöÇÔöÇÔöÇÔöÇÔöÇÔöÇÔöÇÔöÇÔöÇ

    Error Context: test-results\smoke-App-Finan├ºas---Smoke-b7391-ra-login-se-n├úo-autenticado-chromium\error-context.md


[1A[2K  1 failed
    [chromium] ÔÇ║ tests\smoke.spec.ts:4:9 ÔÇ║ App Finan├ºas - Smoke Test ÔÇ║ deve carregar a p├ígina inicial e redirecionar para login se n├úo autenticado 
  1 passed (27.7s)

[36m  Serving HTML report at http://localhost:56872. Press Ctrl+C to quit.[39m
